// Jest Snapshot v1, https://goo.gl/fbAQLP

exports[`Should render single Expense List Item 1`] = `
<div>
  <Link
    replace={false}
    to="./edit/2"
  >
    <h3>
      Rent
    </h3>
  </Link>
  <p>
    109500
     created at: 
    -345600000
  </p>
</div>
`;
